// Jest Snapshot v1, https://goo.gl/fbAQLP

exports[`Default Button component matches the snapshot 1`] = `
<button
  onClick={[Function]}
/>
`;
