// Jest Snapshot v1, https://goo.gl/fbAQLP

exports[`Input should render an input element 1`] = `
Array [
  <input
    onChange={[Function]}
    type="text"
  />,
]
`;
